#-----------------------------------------------------------
# Vivado v2018.2 (64-bit)
# SW Build 2258646 on Thu Jun 14 20:02:38 MDT 2018
# IP Build 2256618 on Thu Jun 14 22:10:49 MDT 2018
# Start of session at: Mon May 11 20:30:29 2020
# Process ID: 43884
# Current directory: /home/rym/Documents/P4-NetFPGA-live/contrib-projects/sume-sdnet-switch/projects/switch_calc_pifo/simple_sume_switch/test
# Command line: vivado -mode batch -source /home/rym/Documents/P4-NetFPGA-live/contrib-projects/sume-sdnet-switch/projects/switch_calc_pifo/simple_sume_switch/hw/tcl/simple_sume_switch_sim.tcl -tclargs sim_switch_default
# Log file: /home/rym/Documents/P4-NetFPGA-live/contrib-projects/sume-sdnet-switch/projects/switch_calc_pifo/simple_sume_switch/test/vivado.log
# Journal file: /home/rym/Documents/P4-NetFPGA-live/contrib-projects/sume-sdnet-switch/projects/switch_calc_pifo/simple_sume_switch/test/vivado.jou
#-----------------------------------------------------------
source /home/rym/Documents/P4-NetFPGA-live/contrib-projects/sume-sdnet-switch/projects/switch_calc_pifo/simple_sume_switch/hw/tcl/simple_sume_switch_sim.tcl
