#-----------------------------------------------------------
# Vivado v2018.2 (64-bit)
# SW Build 2258646 on Thu Jun 14 20:02:38 MDT 2018
# IP Build 2256618 on Thu Jun 14 22:10:49 MDT 2018
# Start of session at: Wed Nov 18 15:07:20 2020
# Process ID: 29502
# Current directory: /home/jkchoi/Documents/git/MultiSwitch/targets/p4-netfpga-scheduler/pifo_simulation_modules/V0.1_root_only/regression_test_scripts/regression/module_regression
# Command line: vivado
# Log file: /home/jkchoi/Documents/git/MultiSwitch/targets/p4-netfpga-scheduler/pifo_simulation_modules/V0.1_root_only/regression_test_scripts/regression/module_regression/vivado.log
# Journal file: /home/jkchoi/Documents/git/MultiSwitch/targets/p4-netfpga-scheduler/pifo_simulation_modules/V0.1_root_only/regression_test_scripts/regression/module_regression/vivado.jou
#-----------------------------------------------------------
start_gui
open_project /home/jkchoi/Documents/project_temp/project_temp.xpr
update_compile_order -fileset sources_1
