#-----------------------------------------------------------
# Vivado v2018.2 (64-bit)
# SW Build 2258646 on Thu Jun 14 20:02:38 MDT 2018
# IP Build 2256618 on Thu Jun 14 22:10:49 MDT 2018
# Start of session at: Wed Dec  4 21:32:08 2019
# Process ID: 851
# Current directory: /home/jkchoi/Documents/git/p4-netfpga-live/contrib-projects/sume-sdnet-switch/projects/switch_calc_pifo/simple_sume_switch/hw/project/simple_sume_switch.runs/blk_mem_gen_0_synth_1
# Command line: vivado -log blk_mem_gen_0.vds -product Vivado -mode batch -messageDb vivado.pb -notrace -source blk_mem_gen_0.tcl
# Log file: /home/jkchoi/Documents/git/p4-netfpga-live/contrib-projects/sume-sdnet-switch/projects/switch_calc_pifo/simple_sume_switch/hw/project/simple_sume_switch.runs/blk_mem_gen_0_synth_1/blk_mem_gen_0.vds
# Journal file: /home/jkchoi/Documents/git/p4-netfpga-live/contrib-projects/sume-sdnet-switch/projects/switch_calc_pifo/simple_sume_switch/hw/project/simple_sume_switch.runs/blk_mem_gen_0_synth_1/vivado.jou
#-----------------------------------------------------------
source blk_mem_gen_0.tcl -notrace
