#-----------------------------------------------------------
# Webtalk v2018.2 (64-bit)
# SW Build 2258646 on Thu Jun 14 20:02:38 MDT 2018
# IP Build 2256618 on Thu Jun 14 22:10:49 MDT 2018
# Start of session at: Tue Jun 18 09:13:20 2019
# Process ID: 6484
# Current directory: /home/jkchoi/Documents/git/MultiSwitch/targets/p4-netfpga-scheduler/vivado_projects/test_simulator/test_simulator.sim/sim_1/behav/xsim
# Command line: wbtcv -mode batch -source /home/jkchoi/Documents/git/MultiSwitch/targets/p4-netfpga-scheduler/vivado_projects/test_simulator/test_simulator.sim/sim_1/behav/xsim/xsim.dir/op_tester_behav/webtalk/xsim_webtalk.tcl -notrace
# Log file: /home/jkchoi/Documents/git/MultiSwitch/targets/p4-netfpga-scheduler/vivado_projects/test_simulator/test_simulator.sim/sim_1/behav/xsim/webtalk.log
# Journal file: /home/jkchoi/Documents/git/MultiSwitch/targets/p4-netfpga-scheduler/vivado_projects/test_simulator/test_simulator.sim/sim_1/behav/xsim/webtalk.jou
#-----------------------------------------------------------
source /home/jkchoi/Documents/git/MultiSwitch/targets/p4-netfpga-scheduler/vivado_projects/test_simulator/test_simulator.sim/sim_1/behav/xsim/xsim.dir/op_tester_behav/webtalk/xsim_webtalk.tcl -notrace
