#-----------------------------------------------------------
# Vivado v2018.2 (64-bit)
# SW Build 2258646 on Thu Jun 14 20:02:38 MDT 2018
# IP Build 2256618 on Thu Jun 14 22:10:49 MDT 2018
# Start of session at: Fri Nov  1 11:04:15 2019
# Process ID: 29356
# Current directory: /home/jkchoi/Documents/git/p4-netfpga-live/contrib-projects/sume-sdnet-switch/projects/switch_calc
# Command line: vivado
# Log file: /home/jkchoi/Documents/git/p4-netfpga-live/contrib-projects/sume-sdnet-switch/projects/switch_calc/vivado.log
# Journal file: /home/jkchoi/Documents/git/p4-netfpga-live/contrib-projects/sume-sdnet-switch/projects/switch_calc/vivado.jou
#-----------------------------------------------------------
start_gui
open_project /home/jkchoi/Documents/git/p4-netfpga-live/contrib-projects/sume-sdnet-switch/projects/switch_calc/simple_sume_switch/hw/project/simple_sume_switch.xpr
open_bd_design {/home/jkchoi/Documents/git/p4-netfpga-live/contrib-projects/sume-sdnet-switch/projects/switch_calc/simple_sume_switch/hw/project/simple_sume_switch.srcs/sources_1/bd/control_sub/control_sub.bd}
