#-----------------------------------------------------------
# Webtalk v2018.2 (64-bit)
# SW Build 2258646 on Thu Jun 14 20:02:38 MDT 2018
# IP Build 2256618 on Thu Jun 14 22:10:49 MDT 2018
# Start of session at: Wed Nov 27 11:07:49 2019
# Process ID: 16079
# Current directory: /home/jkchoi/Documents/git/p4-netfpga-live/contrib-projects/sume-sdnet-switch/projects/extern_module4/simple_sume_switch/hw/project/simple_sume_switch.sim/sim_1/behav/xsim
# Command line: wbtcv -mode batch -source /home/jkchoi/Documents/git/p4-netfpga-live/contrib-projects/sume-sdnet-switch/projects/extern_module4/simple_sume_switch/hw/project/simple_sume_switch.sim/sim_1/behav/xsim/xsim.dir/top_tb_behav/webtalk/xsim_webtalk.tcl -notrace
# Log file: /home/jkchoi/Documents/git/p4-netfpga-live/contrib-projects/sume-sdnet-switch/projects/extern_module4/simple_sume_switch/hw/project/simple_sume_switch.sim/sim_1/behav/xsim/webtalk.log
# Journal file: /home/jkchoi/Documents/git/p4-netfpga-live/contrib-projects/sume-sdnet-switch/projects/extern_module4/simple_sume_switch/hw/project/simple_sume_switch.sim/sim_1/behav/xsim/webtalk.jou
#-----------------------------------------------------------
source /home/jkchoi/Documents/git/p4-netfpga-live/contrib-projects/sume-sdnet-switch/projects/extern_module4/simple_sume_switch/hw/project/simple_sume_switch.sim/sim_1/behav/xsim/xsim.dir/top_tb_behav/webtalk/xsim_webtalk.tcl -notrace
